Archive member included because of file (symbol)

../../..//mcu/libfitkit/build\libfitkit_f2xx.a(fitkitlib_f2xx.o)
                              build/mcu/main_f2xx.o (initialize_hardware)
../../..//mcu/libfitkit/build\libfitkit_f2xx.a(flash_f2xx.o)
                              ../../..//mcu/libfitkit/build\libfitkit_f2xx.a(fitkitlib_f2xx.o) (flash_init)
../../..//mcu/libfitkit/build\libfitkit_f2xx.a(flash_fpga_f2xx.o)
                              ../../..//mcu/libfitkit/build\libfitkit_f2xx.a(fitkitlib_f2xx.o) (FPGAConfig_init)
../../..//mcu/libfitkit/build\libfitkit_f2xx.a(fpga_f2xx.o)
                              ../../..//mcu/libfitkit/build\libfitkit_f2xx.a(fitkitlib_f2xx.o) (FPGA_init)
../../..//mcu/libfitkit/build\libfitkit_f2xx.a(globfun_f2xx.o)
                              ../../..//mcu/libfitkit/build\libfitkit_f2xx.a(flash_f2xx.o) (long2str)
../../..//mcu/libfitkit/build\libfitkit_f2xx.a(spi_f2xx.o)
                              ../../..//mcu/libfitkit/build\libfitkit_f2xx.a(fitkitlib_f2xx.o) (SPI_Init)
../../..//mcu/libfitkit/build\libfitkit_f2xx.a(terminal_f2xx.o)
                              ../../..//mcu/libfitkit/build\libfitkit_f2xx.a(fitkitlib_f2xx.o) (terminal_init)
../../..//mcu/libfitkit/build\libfitkit_f2xx.a(timer_b_f2xx.o)
                              ../../..//mcu/libfitkit/build\libfitkit_f2xx.a(fitkitlib_f2xx.o) (timerb_init)
../../..//mcu/libfitkit/build\libfitkit_f2xx.a(uart_f2xx.o)
                              ../../..//mcu/libfitkit/build\libfitkit_f2xx.a(terminal_f2xx.o) (serial_init)
../../..//mcu/libfitkit/build\libfitkit_f2xx.a(filetransfer_f2xx.o)
                              ../../..//mcu/libfitkit/build\libfitkit_f2xx.a(fitkitlib_f2xx.o) (SPI_WriteFile)
../../..//mcu/libfitkit/build\libfitkit_f2xx.a(cmd_f2xx.o)
                              ../../..//mcu/libfitkit/build\libfitkit_f2xx.a(terminal_f2xx.o) (term_cmd_clear)
C:\Program Files\mspgcc\bin\..\lib\gcc-lib\msp430\3.2.3\libgcc.a(__stop_progExec__.o)
                              build/mcu/main_f2xx.o (__stop_progExec__)
C:\Program Files\mspgcc\bin\..\lib\gcc-lib\msp430\3.2.3\libgcc.a(_mulsi3hw.o)
                              ../../..//mcu/libfitkit/build\libfitkit_f2xx.a(flash_f2xx.o) (__umulsi3hw)
C:\Program Files\mspgcc\bin\..\lib\gcc-lib\msp430\3.2.3\libgcc.a(_udivmodsi4.o)
                              ../../..//mcu/libfitkit/build\libfitkit_f2xx.a(flash_f2xx.o) (__udivmodsi4)
C:\Program Files\mspgcc\bin\..\lib\gcc-lib\msp430\3.2.3\libgcc.a(_divmodsi4.o)
                              ../../..//mcu/libfitkit/build\libfitkit_f2xx.a(flash_f2xx.o) (__divmodsi4)
C:\Program Files\mspgcc\bin\..\lib\gcc-lib\msp430\3.2.3\libgcc.a(_reset_vector__.o)
                              C:\Program Files\mspgcc\bin\..\lib\gcc-lib\msp430\3.2.3\..\..\..\..\msp430\lib\crt430x2617.o (_reset_vector__)
C:\Program Files\mspgcc\bin\..\lib\gcc-lib\msp430\3.2.3\libgcc.a(__low_level_init.o)
                              C:\Program Files\mspgcc\bin\..\lib\gcc-lib\msp430\3.2.3\libgcc.a(_reset_vector__.o) (__low_level_init)
C:\Program Files\mspgcc\bin\..\lib\gcc-lib\msp430\3.2.3\libgcc.a(_copy_data.o)
                              C:\Program Files\mspgcc\bin\..\lib\gcc-lib\msp430\3.2.3\libgcc.a(_reset_vector__.o) (__do_copy_data)
C:\Program Files\mspgcc\bin\..\lib\gcc-lib\msp430\3.2.3\libgcc.a(_clear_bss.o)
                              C:\Program Files\mspgcc\bin\..\lib\gcc-lib\msp430\3.2.3\libgcc.a(_reset_vector__.o) (__do_clear_bss)
C:\Program Files\mspgcc\bin\..\lib\gcc-lib\msp430\3.2.3\libgcc.a(__jump_to_main.o)
                              C:\Program Files\mspgcc\bin\..\lib\gcc-lib\msp430\3.2.3\libgcc.a(_reset_vector__.o) (__jump_to_main)
C:\Program Files\mspgcc\bin\..\lib\gcc-lib\msp430\3.2.3\..\..\..\..\msp430\lib\libc.a(isdigit.o)
                              ../../..//mcu/libfitkit/build\libfitkit_f2xx.a(globfun_f2xx.o) (isdigit)
C:\Program Files\mspgcc\bin\..\lib\gcc-lib\msp430\3.2.3\..\..\..\..\msp430\lib\libc.a(strlen.o)
                              ../../..//mcu/libfitkit/build\libfitkit_f2xx.a(flash_f2xx.o) (strlen)

Allocating common symbols
Common symbol       size              file

BreakFlag           0x1               ../../..//mcu/libfitkit/build\libfitkit_f2xx.a(uart_f2xx.o)
TransmitNum         0x1               ../../..//mcu/libfitkit/build\libfitkit_f2xx.a(uart_f2xx.o)
Cmd_Old             0x1               ../../..//mcu/libfitkit/build\libfitkit_f2xx.a(terminal_f2xx.o)
cb_fun              0x2               ../../..//mcu/libfitkit/build\libfitkit_f2xx.a(filetransfer_f2xx.o)
ReceiveNum          0x2               ../../..//mcu/libfitkit/build\libfitkit_f2xx.a(uart_f2xx.o)
cb_buf              0x2               ../../..//mcu/libfitkit/build\libfitkit_f2xx.a(filetransfer_f2xx.o)
CMD_Long            0x4               ../../..//mcu/libfitkit/build\libfitkit_f2xx.a(cmd_f2xx.o)
CountPage           0x2               ../../..//mcu/libfitkit/build\libfitkit_f2xx.a(flash_f2xx.o)
ReceiveBuf          0x7f              ../../..//mcu/libfitkit/build\libfitkit_f2xx.a(uart_f2xx.o)
ReceiveIndexRec     0x2               ../../..//mcu/libfitkit/build\libfitkit_f2xx.a(uart_f2xx.o)
TransmitBuf         0x64              ../../..//mcu/libfitkit/build\libfitkit_f2xx.a(uart_f2xx.o)
ErrorFlag           0x1               ../../..//mcu/libfitkit/build\libfitkit_f2xx.a(uart_f2xx.o)
ReceiveIndex        0x2               ../../..//mcu/libfitkit/build\libfitkit_f2xx.a(uart_f2xx.o)
TransmitIndexSend   0x1               ../../..//mcu/libfitkit/build\libfitkit_f2xx.a(uart_f2xx.o)
TypeBufferFlash     0x1               ../../..//mcu/libfitkit/build\libfitkit_f2xx.a(flash_f2xx.o)
TransmitIndex       0x1               ../../..//mcu/libfitkit/build\libfitkit_f2xx.a(uart_f2xx.o)
PomRS232            0x1               ../../..//mcu/libfitkit/build\libfitkit_f2xx.a(uart_f2xx.o)
AdrBufferFlash      0x2               ../../..//mcu/libfitkit/build\libfitkit_f2xx.a(flash_f2xx.o)
CMDStr              0x19              ../../..//mcu/libfitkit/build\libfitkit_f2xx.a(cmd_f2xx.o)
Cmd                 0x1               ../../..//mcu/libfitkit/build\libfitkit_f2xx.a(terminal_f2xx.o)
CMDStrLen           0x1               ../../..//mcu/libfitkit/build\libfitkit_f2xx.a(cmd_f2xx.o)

Memory Configuration

Name             Origin             Length             Attributes
text             0x00003100         0x0000cec0         xr
data             0x00001100         0x00002000         xrw
vectors          0x0000ffc0         0x00000040         rw
bootloader       0x00000c00         0x00000400         xr
infomem          0x00001000         0x00000100         xr
infomemnobits    0x00001000         0x00000100         xr
*default*        0x00000000         0xffffffff

Linker script and memory map

LOAD C:\Program Files\mspgcc\bin\..\lib\gcc-lib\msp430\3.2.3\..\..\..\..\msp430\lib\crt430x2617.o
LOAD build/mcu/main_f2xx.o
LOAD ../../..//mcu/libfitkit/build\libfitkit_f2xx.a
LOAD C:\Program Files\mspgcc\bin\..\lib\gcc-lib\msp430\3.2.3\libgcc.a
LOAD C:\Program Files\mspgcc\bin\..\lib\gcc-lib\msp430\3.2.3\..\..\..\..\msp430\lib\libc.a
LOAD C:\Program Files\mspgcc\bin\..\lib\gcc-lib\msp430\3.2.3\libgcc.a

.hash
 *(.hash)

.dynsym
 *(.dynsym)

.dynstr
 *(.dynstr)

.gnu.version
 *(.gnu.version)

.gnu.version_d
 *(.gnu.version_d)

.gnu.version_r
 *(.gnu.version_r)

.rel.init
 *(.rel.init)

.rela.init
 *(.rela.init)

.rel.text
 *(.rel.text)
 *(.rel.text.*)
 *(.rel.gnu.linkonce.t*)

.rela.text
 *(.rela.text)
 *(.rela.text.*)
 *(.rela.gnu.linkonce.t*)

.rel.fini
 *(.rel.fini)

.rela.fini
 *(.rela.fini)

.rel.rodata
 *(.rel.rodata)
 *(.rel.rodata.*)
 *(.rel.gnu.linkonce.r*)

.rela.rodata
 *(.rela.rodata)
 *(.rela.rodata.*)
 *(.rela.gnu.linkonce.r*)

.rel.data
 *(.rel.data)
 *(.rel.data.*)
 *(.rel.gnu.linkonce.d*)

.rela.data
 *(.rela.data)
 *(.rela.data.*)
 *(.rela.gnu.linkonce.d*)

.rel.ctors
 *(.rel.ctors)

.rela.ctors
 *(.rela.ctors)

.rel.dtors
 *(.rel.dtors)

.rela.dtors
 *(.rela.dtors)

.rel.got
 *(.rel.got)

.rela.got
 *(.rela.got)

.rel.bss
 *(.rel.bss)

.rela.bss
 *(.rela.bss)

.rel.plt
 *(.rel.plt)

.rela.plt
 *(.rela.plt)

.text           0x00003100     0x45de
                0x00003100                . = ALIGN (0x2)
 *(.init)
 *(.init)
 *(.init0)
 .init0         0x00003100        0x0 C:\Program Files\mspgcc\bin\..\lib\gcc-lib\msp430\3.2.3\libgcc.a(_reset_vector__.o)
                0x00003100                _reset_vector__
 *(.init0)
 *(.init1)
 *(.init1)
 *(.init2)
 *(.init2)
 *(.init3)
 .init3         0x00003100        0x6 C:\Program Files\mspgcc\bin\..\lib\gcc-lib\msp430\3.2.3\libgcc.a(__low_level_init.o)
                0x00003100                __low_level_init
 *(.init3)
 *(.init4)
 .init4         0x00003106       0x12 C:\Program Files\mspgcc\bin\..\lib\gcc-lib\msp430\3.2.3\libgcc.a(_copy_data.o)
                0x00003106                __do_copy_data
 .init4         0x00003118       0x10 C:\Program Files\mspgcc\bin\..\lib\gcc-lib\msp430\3.2.3\libgcc.a(_clear_bss.o)
                0x00003118                __do_clear_bss
 *(.init4)
 *(.init5)
 *(.init5)
 *(.init6)
 *(.init6)
 *(.init7)
 *(.init7)
 *(.init8)
 *(.init8)
 *(.init9)
 .init9         0x00003128        0x4 C:\Program Files\mspgcc\bin\..\lib\gcc-lib\msp430\3.2.3\libgcc.a(__jump_to_main.o)
                0x00003128                __jump_to_main
 *(.init9)
                0x0000312c                __ctors_start = .
 *(.ctors)
 *(.ctors)
                0x0000312c                __ctors_end = .
                0x0000312c                __dtors_start = .
 *(.dtors)
 *(.dtors)
                0x0000312c                __dtors_end = .
                0x0000312c                . = ALIGN (0x2)
 *(.text)
 .text          0x0000312c        0x6 C:\Program Files\mspgcc\bin\..\lib\gcc-lib\msp430\3.2.3\..\..\..\..\msp430\lib\crt430x2617.o
                0x0000312c                vector_ffc0
                0x0000312c                vector_ffc8
                0x0000312c                vector_ffcc
                0x0000312c                _unexpected_1_
                0x0000312c                vector_ffe0
                0x0000312c                vector_ffc4
                0x0000312c                vector_fff0
                0x0000312c                vector_ffce
                0x0000312c                vector_fffc
                0x0000312c                vector_ffe4
                0x0000312c                vector_ffd6
                0x0000312c                vector_ffc2
                0x0000312c                vector_ffd4
                0x0000312c                vector_ffc6
                0x0000312c                vector_ffd2
                0x0000312c                vector_ffca
                0x0000312c                vector_ffde
                0x0000312c                vector_ffe2
                0x0000312c                vector_ffe8
                0x00003130                _unexpected_
                0x0000312c                vector_fffa
                0x0000312c                vector_fff4
                0x0000312c                vector_fff8
                0x0000312c                vector_fff2
                0x0000312c                vector_ffd8
                0x0000312c                vector_ffe6
                0x0000312c                vector_ffd0
                0x0000312c                vector_ffdc
                0x0000312c                vector_fff6
                0x0000312c                vector_ffda
                0x0000312c                vector_ffea
 .text          0x00003132       0x4a build/mcu/main_f2xx.o
                0x0000313c                decode_user_cmd
                0x00003132                print_user_help
                0x00003168                main
                0x0000315e                fpga_initialized
 .text          0x0000317c      0x40e ../../..//mcu/libfitkit/build\libfitkit_f2xx.a(fitkitlib_f2xx.o)
                0x000031a8                clock_system_init
                0x0000317c                delay_cycle
                0x000031f2                smclk_stop
                0x00003276                fpga_configure_from_flash
                0x0000346a                initialize_hardware_
                0x0000357a                initialize_hardware
                0x00003374                fpga_configure_from_mcu
 .text          0x0000358a     0x1448 ../../..//mcu/libfitkit/build\libfitkit_f2xx.a(flash_f2xx.o)
                0x00004660                FLASH_Dump_Page
                0x0000454c                FLASH_EraseAll
                0x00003ee0                FLASH_ReadDataBuffer
                0x000044a0                FLASH_ErasePage
                0x00003984                FLASH_print_status
                0x00004604                FLASH_Dump_Block
                0x00004710                FLASH_Dump_Adr
                0x00003682                flash_init
                0x000044f6                FLASH_EraseBlock
                0x000040ce                FLASH_ReadDataA
                0x00003e50                FLASH_WriteDataBuffer
                0x0000377e                FLASH_availablepages
                0x00004064                FLASH_isPageBlank
                0x0000385e                FLASH_IsReady
                0x000037ec                FLASH_blocks
                0x0000358a                FLASH_PageToAddr
                0x00003d84                FLASH_WriteToBuffer
                0x000043d2                FLASH_WriteByte
                0x00003ff6                FLASH_ReadData_Finalize
                0x000041c8                FLASH_ReadMemoryBuffer
                0x00003806                FLASH_size
                0x000045b4                FLASH_Dump_All
                0x000035bc                flash_init_
                0x00004152                FLASH_WriteBufferMemory
                0x00003f7c                FLASH_ReadData_Initialize
                0x00004004                FLASH_ReadData
                0x00004476                FLASH_EraseByte
                0x0000382c                FLASH_ReadStatus
                0x0000424c                FLASH_ProgFPGA
 .text          0x000049d2      0x418 ../../..//mcu/libfitkit/build\libfitkit_f2xx.a(flash_fpga_f2xx.o)
                0x000049d2                delay_cycle_
                0x00004b7e                FPGAConfig_finalize
                0x00004bd0                FPGAConfig_detect_fpga
                0x00004a98                FPGAConfig_initialize
                0x000049fe                FPGAConfig_init
 .text          0x00004dea      0x290 ../../..//mcu/libfitkit/build\libfitkit_f2xx.a(fpga_f2xx.o)
                0x00004e20                FPGA_SPI_RW_A8_D8
                0x00004e70                FPGA_SPI_RW_A8_D16
                0x00004f84                FPGA_SPI_RW_AN_DN
                0x00004ee6                FPGA_SPI_RW_A8_DN
                0x00004dea                FPGA_init
                0x00004dfc                FPGA_reset
 .text          0x0000507a      0x706 ../../..//mcu/libfitkit/build\libfitkit_f2xx.a(globfun_f2xx.o)
                0x0000507a                chr2bin
                0x0000518c                chr2digit
                0x00005134                chr2hex
                0x0000552e                strrev
                0x000052be                str2long
                0x0000538e                str2long_2x
                0x00005208                hex2chr
                0x000050e8                digit2chr
                0x0000559a                strupper
                0x00005630                long2str
                0x0000525c                rchr
 .text          0x00005780       0xb8 ../../..//mcu/libfitkit/build\libfitkit_f2xx.a(spi_f2xx.o)
                0x000057c2                SPI_Close
                0x000057dc                SPI_read_wait_write
                0x0000580c                SPI_write_wait_read
                0x00005780                SPI_Init
 .text          0x00005838      0x926 ../../..//mcu/libfitkit/build\libfitkit_f2xx.a(terminal_f2xx.o)
                0x0000585c                terminal_init
                0x00005b68                terminal_idle_cb
                0x0000614e                terminal_idle
 .text          0x0000615e       0xdc ../../..//mcu/libfitkit/build\libfitkit_f2xx.a(timer_b_f2xx.o)
                0x0000615e                timerb_init
                0x00006174                delay_ms
 .text          0x0000623a      0x3b0 ../../..//mcu/libfitkit/build\libfitkit_f2xx.a(uart_f2xx.o)
                0x00006370                term_send_str
                0x00006574                TxintrRS232
                0x000063ae                term_send_num
                0x000063f0                term_send_hex
                0x000065b2                RxintrRS232
                0x00006574                vector_ffec
                0x00006474                term_rcv_block
                0x00006312                term_send_char_idle
                0x0000629e                serial_close
                0x000065b2                vector_ffee
                0x00006512                term_rcv_char_t
                0x0000623a                serial_init
                0x00006338                term_send_char_hex
                0x00006432                term_rcv_char
                0x000062ce                term_send_char
 .text          0x000065ea      0x83e ../../..//mcu/libfitkit/build\libfitkit_f2xx.a(filetransfer_f2xx.o)
                0x000066a8                send_header
                0x00006b92                SPI_WriteFile
                0x00006ada                sendPageSPI
                0x00006d56                ReceiveFile
                0x00006810                writePageToFlash
                0x00006c2c                FLASH_WriteFile
                0x000065ea                serial_rx_timeout
                0x00006c88                cbPage
                0x000069ac                transmittFile
                0x00006644                serial_tx_buf
 .text          0x00006e28      0x7f2 ../../..//mcu/libfitkit/build\libfitkit_f2xx.a(cmd_f2xx.o)
                0x00006f02                term_cmd_decode
                0x00006e36                term_cmd_read
                0x00006e28                term_cmd_clear
 .text          0x0000761a        0x0 C:\Program Files\mspgcc\bin\..\lib\gcc-lib\msp430\3.2.3\libgcc.a(__stop_progExec__.o)
 .text          0x0000761a        0x0 C:\Program Files\mspgcc\bin\..\lib\gcc-lib\msp430\3.2.3\libgcc.a(_mulsi3hw.o)
 .text          0x0000761a        0x0 C:\Program Files\mspgcc\bin\..\lib\gcc-lib\msp430\3.2.3\libgcc.a(_udivmodsi4.o)
 .text          0x0000761a        0x0 C:\Program Files\mspgcc\bin\..\lib\gcc-lib\msp430\3.2.3\libgcc.a(_divmodsi4.o)
 .text          0x0000761a        0x0 C:\Program Files\mspgcc\bin\..\lib\gcc-lib\msp430\3.2.3\libgcc.a(_reset_vector__.o)
 .text          0x0000761a        0x0 C:\Program Files\mspgcc\bin\..\lib\gcc-lib\msp430\3.2.3\libgcc.a(__low_level_init.o)
 .text          0x0000761a        0x0 C:\Program Files\mspgcc\bin\..\lib\gcc-lib\msp430\3.2.3\libgcc.a(_copy_data.o)
 .text          0x0000761a        0x0 C:\Program Files\mspgcc\bin\..\lib\gcc-lib\msp430\3.2.3\libgcc.a(_clear_bss.o)
 .text          0x0000761a        0x0 C:\Program Files\mspgcc\bin\..\lib\gcc-lib\msp430\3.2.3\libgcc.a(__jump_to_main.o)
 .text          0x0000761a       0x12 C:\Program Files\mspgcc\bin\..\lib\gcc-lib\msp430\3.2.3\..\..\..\..\msp430\lib\libc.a(isdigit.o)
                0x0000761a                isdigit
 .text          0x0000762c       0x14 C:\Program Files\mspgcc\bin\..\lib\gcc-lib\msp430\3.2.3\..\..\..\..\msp430\lib\libc.a(strlen.o)
                0x0000762c                strlen
                0x00007640                . = ALIGN (0x2)
 *(.text.*)
 .text.libgcc   0x00007640        0x0 C:\Program Files\mspgcc\bin\..\lib\gcc-lib\msp430\3.2.3\libgcc.a(__stop_progExec__.o)
 .text.libgcc   0x00007640       0x28 C:\Program Files\mspgcc\bin\..\lib\gcc-lib\msp430\3.2.3\libgcc.a(_mulsi3hw.o)
                0x00007640                __umulsi3hw
 .text.libgcc   0x00007668       0x2a C:\Program Files\mspgcc\bin\..\lib\gcc-lib\msp430\3.2.3\libgcc.a(_udivmodsi4.o)
                0x00007668                __udivmodsi4
 .text.libgcc   0x00007692       0x4a C:\Program Files\mspgcc\bin\..\lib\gcc-lib\msp430\3.2.3\libgcc.a(_divmodsi4.o)
                0x00007692                __divmodsi4
 .text.libgcc   0x000076dc        0x0 C:\Program Files\mspgcc\bin\..\lib\gcc-lib\msp430\3.2.3\libgcc.a(_reset_vector__.o)
 .text.libgcc   0x000076dc        0x0 C:\Program Files\mspgcc\bin\..\lib\gcc-lib\msp430\3.2.3\libgcc.a(__low_level_init.o)
 .text.libgcc   0x000076dc        0x0 C:\Program Files\mspgcc\bin\..\lib\gcc-lib\msp430\3.2.3\libgcc.a(_copy_data.o)
 .text.libgcc   0x000076dc        0x0 C:\Program Files\mspgcc\bin\..\lib\gcc-lib\msp430\3.2.3\libgcc.a(_clear_bss.o)
 .text.libgcc   0x000076dc        0x0 C:\Program Files\mspgcc\bin\..\lib\gcc-lib\msp430\3.2.3\libgcc.a(__jump_to_main.o)
                0x000076dc                . = ALIGN (0x2)
 *(.fini9)
 .fini9         0x000076dc        0x0 C:\Program Files\mspgcc\bin\..\lib\gcc-lib\msp430\3.2.3\libgcc.a(__stop_progExec__.o)
                0x000076dc                __stop_progExec__
 *(.fini9)
 *(.fini8)
 *(.fini8)
 *(.fini7)
 *(.fini7)
 *(.fini6)
 *(.fini6)
 *(.fini5)
 *(.fini5)
 *(.fini4)
 *(.fini4)
 *(.fini3)
 *(.fini3)
 *(.fini2)
 *(.fini2)
 *(.fini1)
 *(.fini1)
 *(.fini0)
 .fini0         0x000076dc        0x2 C:\Program Files\mspgcc\bin\..\lib\gcc-lib\msp430\3.2.3\libgcc.a(__stop_progExec__.o)
 *(.fini0)
 *(.fini)
 *(.fini)
                0x000076de                _etext = .

.data           0x00001100        0x6 load address 0x000076de
                0x00001100                PROVIDE (__data_start, .)
                0x00001100                . = ALIGN (0x2)
 *(.data)
 .data          0x00001100        0x0 C:\Program Files\mspgcc\bin\..\lib\gcc-lib\msp430\3.2.3\..\..\..\..\msp430\lib\crt430x2617.o
 .data          0x00001100        0x0 build/mcu/main_f2xx.o
 .data          0x00001100        0x4 ../../..//mcu/libfitkit/build\libfitkit_f2xx.a(fitkitlib_f2xx.o)
                0x00001100                FPGA_config_length
 .data          0x00001104        0x2 ../../..//mcu/libfitkit/build\libfitkit_f2xx.a(flash_f2xx.o)
                0x00001104                CNT_PAGES
 .data          0x00001106        0x0 ../../..//mcu/libfitkit/build\libfitkit_f2xx.a(flash_fpga_f2xx.o)
 .data          0x00001106        0x0 ../../..//mcu/libfitkit/build\libfitkit_f2xx.a(fpga_f2xx.o)
 .data          0x00001106        0x0 ../../..//mcu/libfitkit/build\libfitkit_f2xx.a(globfun_f2xx.o)
 .data          0x00001106        0x0 ../../..//mcu/libfitkit/build\libfitkit_f2xx.a(spi_f2xx.o)
 .data          0x00001106        0x0 ../../..//mcu/libfitkit/build\libfitkit_f2xx.a(terminal_f2xx.o)
 .data          0x00001106        0x0 ../../..//mcu/libfitkit/build\libfitkit_f2xx.a(timer_b_f2xx.o)
 .data          0x00001106        0x0 ../../..//mcu/libfitkit/build\libfitkit_f2xx.a(uart_f2xx.o)
 .data          0x00001106        0x0 ../../..//mcu/libfitkit/build\libfitkit_f2xx.a(filetransfer_f2xx.o)
 .data          0x00001106        0x0 ../../..//mcu/libfitkit/build\libfitkit_f2xx.a(cmd_f2xx.o)
 .data          0x00001106        0x0 C:\Program Files\mspgcc\bin\..\lib\gcc-lib\msp430\3.2.3\libgcc.a(__stop_progExec__.o)
 .data          0x00001106        0x0 C:\Program Files\mspgcc\bin\..\lib\gcc-lib\msp430\3.2.3\libgcc.a(_mulsi3hw.o)
 .data          0x00001106        0x0 C:\Program Files\mspgcc\bin\..\lib\gcc-lib\msp430\3.2.3\libgcc.a(_udivmodsi4.o)
 .data          0x00001106        0x0 C:\Program Files\mspgcc\bin\..\lib\gcc-lib\msp430\3.2.3\libgcc.a(_divmodsi4.o)
 .data          0x00001106        0x0 C:\Program Files\mspgcc\bin\..\lib\gcc-lib\msp430\3.2.3\libgcc.a(_reset_vector__.o)
 .data          0x00001106        0x0 C:\Program Files\mspgcc\bin\..\lib\gcc-lib\msp430\3.2.3\libgcc.a(__low_level_init.o)
 .data          0x00001106        0x0 C:\Program Files\mspgcc\bin\..\lib\gcc-lib\msp430\3.2.3\libgcc.a(_copy_data.o)
 .data          0x00001106        0x0 C:\Program Files\mspgcc\bin\..\lib\gcc-lib\msp430\3.2.3\libgcc.a(_clear_bss.o)
 .data          0x00001106        0x0 C:\Program Files\mspgcc\bin\..\lib\gcc-lib\msp430\3.2.3\libgcc.a(__jump_to_main.o)
 .data          0x00001106        0x0 C:\Program Files\mspgcc\bin\..\lib\gcc-lib\msp430\3.2.3\..\..\..\..\msp430\lib\libc.a(isdigit.o)
 .data          0x00001106        0x0 C:\Program Files\mspgcc\bin\..\lib\gcc-lib\msp430\3.2.3\..\..\..\..\msp430\lib\libc.a(strlen.o)
 *(SORT(.data.*))
                0x00001106                . = ALIGN (0x2)
 *(.gnu.linkonce.d*)
                0x00001106                . = ALIGN (0x2)
                0x00001106                _edata = .
                0x000076de                PROVIDE (__data_load_start, LOADADDR (.data))
                0x00000006                PROVIDE (__data_size, SIZEOF (.data))

.bootloader     0x00000c00        0x0
                0x00000c00                PROVIDE (__boot_start, .)
 *(.bootloader)
                0x00000c00                . = ALIGN (0x2)
 *(.bootloader.*)

.infomem        0x00001000        0x0
 *(.infomem)
                0x00001000                . = ALIGN (0x2)
 *(.infomem.*)

.infomemnobits  0x00001000        0x0
 *(.infomemnobits)
                0x00001000                . = ALIGN (0x2)
 *(.infomemnobits.*)

.bss            0x00001106      0x11c
                0x00001106                PROVIDE (__bss_start, .)
 *(.bss)
 .bss           0x00001106        0x0 C:\Program Files\mspgcc\bin\..\lib\gcc-lib\msp430\3.2.3\..\..\..\..\msp430\lib\crt430x2617.o
 .bss           0x00001106        0x0 build/mcu/main_f2xx.o
 .bss           0x00001106        0x0 ../../..//mcu/libfitkit/build\libfitkit_f2xx.a(fitkitlib_f2xx.o)
 .bss           0x00001106        0x0 ../../..//mcu/libfitkit/build\libfitkit_f2xx.a(flash_f2xx.o)
 .bss           0x00001106        0x0 ../../..//mcu/libfitkit/build\libfitkit_f2xx.a(flash_fpga_f2xx.o)
 .bss           0x00001106        0x0 ../../..//mcu/libfitkit/build\libfitkit_f2xx.a(fpga_f2xx.o)
 .bss           0x00001106        0x0 ../../..//mcu/libfitkit/build\libfitkit_f2xx.a(globfun_f2xx.o)
 .bss           0x00001106        0x0 ../../..//mcu/libfitkit/build\libfitkit_f2xx.a(spi_f2xx.o)
 .bss           0x00001106        0x0 ../../..//mcu/libfitkit/build\libfitkit_f2xx.a(terminal_f2xx.o)
 .bss           0x00001106        0x0 ../../..//mcu/libfitkit/build\libfitkit_f2xx.a(timer_b_f2xx.o)
 .bss           0x00001106        0x0 ../../..//mcu/libfitkit/build\libfitkit_f2xx.a(uart_f2xx.o)
 .bss           0x00001106        0x0 ../../..//mcu/libfitkit/build\libfitkit_f2xx.a(filetransfer_f2xx.o)
 .bss           0x00001106        0x0 ../../..//mcu/libfitkit/build\libfitkit_f2xx.a(cmd_f2xx.o)
 .bss           0x00001106        0x0 C:\Program Files\mspgcc\bin\..\lib\gcc-lib\msp430\3.2.3\libgcc.a(__stop_progExec__.o)
 .bss           0x00001106        0x0 C:\Program Files\mspgcc\bin\..\lib\gcc-lib\msp430\3.2.3\libgcc.a(_mulsi3hw.o)
 .bss           0x00001106        0x0 C:\Program Files\mspgcc\bin\..\lib\gcc-lib\msp430\3.2.3\libgcc.a(_udivmodsi4.o)
 .bss           0x00001106        0x0 C:\Program Files\mspgcc\bin\..\lib\gcc-lib\msp430\3.2.3\libgcc.a(_divmodsi4.o)
 .bss           0x00001106        0x0 C:\Program Files\mspgcc\bin\..\lib\gcc-lib\msp430\3.2.3\libgcc.a(_reset_vector__.o)
 .bss           0x00001106        0x0 C:\Program Files\mspgcc\bin\..\lib\gcc-lib\msp430\3.2.3\libgcc.a(__low_level_init.o)
 .bss           0x00001106        0x0 C:\Program Files\mspgcc\bin\..\lib\gcc-lib\msp430\3.2.3\libgcc.a(_copy_data.o)
 .bss           0x00001106        0x0 C:\Program Files\mspgcc\bin\..\lib\gcc-lib\msp430\3.2.3\libgcc.a(_clear_bss.o)
 .bss           0x00001106        0x0 C:\Program Files\mspgcc\bin\..\lib\gcc-lib\msp430\3.2.3\libgcc.a(__jump_to_main.o)
 .bss           0x00001106        0x0 C:\Program Files\mspgcc\bin\..\lib\gcc-lib\msp430\3.2.3\..\..\..\..\msp430\lib\libc.a(isdigit.o)
 .bss           0x00001106        0x0 C:\Program Files\mspgcc\bin\..\lib\gcc-lib\msp430\3.2.3\..\..\..\..\msp430\lib\libc.a(strlen.o)
 *(SORT(.bss.*))
 *(COMMON)
 COMMON         0x00001106        0x6 ../../..//mcu/libfitkit/build\libfitkit_f2xx.a(flash_f2xx.o)
                0x00001106                CountPage
                0x00001108                TypeBufferFlash
                0x0000110a                AdrBufferFlash
 COMMON         0x0000110c        0x2 ../../..//mcu/libfitkit/build\libfitkit_f2xx.a(terminal_f2xx.o)
                0x0000110c                Cmd_Old
                0x0000110d                Cmd
 COMMON         0x0000110e       0xf1 ../../..//mcu/libfitkit/build\libfitkit_f2xx.a(uart_f2xx.o)
                0x0000110e                BreakFlag
                0x0000110f                TransmitNum
                0x00001110                ReceiveNum
                0x00001112                ReceiveBuf
                0x00001192                ReceiveIndexRec
                0x00001194                TransmitBuf
                0x000011f8                ErrorFlag
                0x000011fa                ReceiveIndex
                0x000011fc                TransmitIndexSend
                0x000011fd                TransmitIndex
                0x000011fe                PomRS232
 *fill*         0x000011ff        0x1 00
 COMMON         0x00001200        0x4 ../../..//mcu/libfitkit/build\libfitkit_f2xx.a(filetransfer_f2xx.o)
                0x00001200                cb_fun
                0x00001202                cb_buf
 COMMON         0x00001204       0x1e ../../..//mcu/libfitkit/build\libfitkit_f2xx.a(cmd_f2xx.o)
                0x00001204                CMD_Long
                0x00001208                CMDStr
                0x00001221                CMDStrLen
                0x00001222                PROVIDE (__bss_end, .)
                0x00001222                _end = .
                0x0000011c                PROVIDE (__bss_size, SIZEOF (.bss))

.noinit         0x00001222        0x0
                0x00001222                PROVIDE (__noinit_start, .)
 *(.noinit)
 *(.noinit.*)
 *(COMMON)
                0x00001222                PROVIDE (__noinit_end, .)
                0x00001222                _end = .

.vectors        0x0000ffc0       0x40
                0x0000ffc0                PROVIDE (__vectors_start, .)
 *(.vectors*)
 .vectors       0x0000ffc0       0x40 C:\Program Files\mspgcc\bin\..\lib\gcc-lib\msp430\3.2.3\..\..\..\..\msp430\lib\crt430x2617.o
                0x0000ffc0                InterruptVectors
 *(.vectors*)
                0x00010000                _vectors_end = .

.profiler
 *(.profiler)

.stab           0x00000000      0x738
 *(.stab)
 .stab          0x00000000      0x1b0 C:\Program Files\mspgcc\bin\..\lib\gcc-lib\msp430\3.2.3\..\..\..\..\msp430\lib\crt430x2617.o
 .stab          0x000001b0      0x168 C:\Program Files\mspgcc\bin\..\lib\gcc-lib\msp430\3.2.3\..\..\..\..\msp430\lib\libc.a(isdigit.o)
                                0x174 (size before relaxing)
 .stab          0x00000318      0x420 C:\Program Files\mspgcc\bin\..\lib\gcc-lib\msp430\3.2.3\..\..\..\..\msp430\lib\libc.a(strlen.o)
                                0x42c (size before relaxing)

.stabstr        0x00000000      0x8d6
 *(.stabstr)
 .stabstr       0x00000000      0x8d6 C:\Program Files\mspgcc\bin\..\lib\gcc-lib\msp430\3.2.3\..\..\..\..\msp430\lib\crt430x2617.o

.stab.excl
 *(.stab.excl)

.stab.exclstr
 *(.stab.exclstr)

.stab.index
 *(.stab.index)

.stab.indexstr
 *(.stab.indexstr)

.comment
 *(.comment)

.debug
 *(.debug)

.line
 *(.line)

.debug_srcinfo
 *(.debug_srcinfo)

.debug_sfnames
 *(.debug_sfnames)

.debug_aranges
 *(.debug_aranges)

.debug_pubnames
 *(.debug_pubnames)

.debug_info
 *(.debug_info)
 *(.gnu.linkonce.wi.*)

.debug_abbrev
 *(.debug_abbrev)

.debug_line
 *(.debug_line)

.debug_frame
 *(.debug_frame)

.debug_str
 *(.debug_str)

.debug_loc
 *(.debug_loc)

.debug_macinfo
 *(.debug_macinfo)
                0x00003100                PROVIDE (__stack, 0x3100)
                0x000076de                PROVIDE (__data_start_rom, _etext)
                0x000076e4                PROVIDE (__data_end_rom, (_etext + SIZEOF (.data)))
                0x000076e4                PROVIDE (__noinit_start_rom, (_etext + SIZEOF (.data)))
                0x000076e4                PROVIDE (__noinit_end_rom, ((_etext + SIZEOF (.data)) + SIZEOF (.noinit)))
                0x00000000                PROVIDE (__subdevice_has_heap, 0x0)
OUTPUT(build/project_f2xx.elf elf32-msp430)
